\BOOKMARK [0][-]{chapter*.1}{\376\377\306\224\305\175}{}% 1
\BOOKMARK [0][-]{chapter.1}{\376\377\325\004\270\134\310\035\322\270\000\040\254\034\306\224}{}% 2
\BOOKMARK [1][-]{section.1.1}{\376\377\254\034\274\034\000\040\274\060\254\275\254\374\000\040\273\070\310\034\000\040\310\025\307\130}{chapter.1}% 3
\BOOKMARK [1][-]{section.1.2}{\376\377\254\034\274\034\000\040\272\251\324\134}{chapter.1}% 4
\BOOKMARK [1][-]{section.1.3}{\376\377\310\004\314\264\000\040\302\334\302\244\321\134\000\040\255\154\310\160}{chapter.1}% 5
\BOOKMARK [1][-]{section.1.4}{\376\377\311\021\254\004\274\364\254\340\000\040\274\224\307\004\306\100\000\040\323\020\262\350\000\040\256\060\311\000}{chapter.1}% 6
\BOOKMARK [0][-]{chapter.2}{\376\377\306\224\255\154\310\160\254\164\000\040\274\017\000\040\310\034\305\175\000\040\300\254\325\155\307\130\000\040\302\030\310\025}{}% 7
\BOOKMARK [1][-]{section.2.1}{\376\377\314\051\302\030\000\040\254\304\326\215\000\040\263\000\276\104\000\040\325\165\302\354\000\040\274\300\254\275}{chapter.2}% 8
\BOOKMARK [1][-]{section.2.2}{\376\377\255\370\267\230\325\075\302\244\000\040\274\017\000\040\310\004\323\014\000\040\254\304\300\260\307\130\000\040\310\034\305\175}{chapter.2}% 9
\BOOKMARK [1][-]{section.2.3}{\376\377\307\204\274\240\265\024\264\334\000\040\274\017\000\040\261\044\322\270\306\314\320\154\307\130\000\040\310\034\305\175}{chapter.2}% 10
\BOOKMARK [0][-]{chapter.3}{\376\377\302\334\302\244\321\134\000\040\301\044\254\304\000\040\300\301\301\070\326\124}{}% 11
\BOOKMARK [1][-]{section.3.1}{\376\377\255\370\267\230\325\075\302\244\000\040\306\044\325\004\267\174\307\170\000\040\255\154\315\225\000\040\323\014\307\164\325\004\267\174\307\170}{chapter.3}% 12
\BOOKMARK [1][-]{section.3.2}{\376\377\307\204\274\240\265\024\264\334\000\040\254\304\316\041\000\040\323\014\307\164\325\004\267\174\307\170}{chapter.3}% 13
\BOOKMARK [1][-]{section.3.3}{\376\377\261\044\322\270\306\314\320\154\000\040\274\017\000\040\274\061\305\324\264\334\000\040\323\014\307\164\325\004\267\174\307\170}{chapter.3}% 14
\BOOKMARK [1][-]{section.3.4}{\376\377\302\344\302\334\254\004\000\040\000V\000i\000e\000w\000e\000r\306\100\000\040\325\170\264\334\325\354\264\334\000\040\301\044\254\304}{chapter.3}% 15
\BOOKMARK [0][-]{chapter.4}{\376\377\274\364\254\340\000\040\302\334\310\020\256\114\311\300\307\130\000\040\302\030\325\211\000\040\260\264\306\251\254\374\000\040\311\021\254\004\000\040\254\260\254\374}{}% 16
\BOOKMARK [1][-]{section.4.1}{\376\377\255\370\267\230\325\075\302\244\000\040\323\014\322\270}{chapter.4}% 17
\BOOKMARK [2][-]{subsection.4.1.1}{\376\377\307\245\272\164\000\040\307\254\255\154\301\061\254\374\000\040\310\004\323\014\000\040\254\304\300\260\306\251\000\040\256\060\325\130\000\040\300\335\301\061}{section.4.1}% 18
\BOOKMARK [2][-]{subsection.4.1.2}{\376\377\000S\000i\000o\000n\000n\000a\000\040\000R\000T\000\040\305\360\254\260\000\040\302\334\325\330}{section.4.1}% 19
\BOOKMARK [2][-]{subsection.4.1.3}{\376\377\254\000\300\301\000\040\274\275\000\040\000A\000/\000B\000\040\302\334\325\330}{section.4.1}% 20
\BOOKMARK [1][-]{section.4.2}{\376\377\261\044\322\270\306\314\320\154\000\040\274\017\000\040\274\061\305\324\264\334\000\040\323\014\322\270}{chapter.4}% 21
\BOOKMARK [2][-]{subsection.4.2.1}{\376\377\306\320\254\251\000\040\307\245\316\130\000\040\305\360\254\260\254\374\000\040\263\160\307\164\321\060\000\040\310\000\307\245}{section.4.2}% 22
\BOOKMARK [2][-]{subsection.4.2.2}{\376\377\272\250\307\130\000\040\275\200\325\130\000\040\302\334\325\330}{section.4.2}% 23
\BOOKMARK [1][-]{section.4.3}{\376\377\307\204\274\240\265\024\264\334\000\040\323\014\322\270}{chapter.4}% 24
\BOOKMARK [2][-]{subsection.4.3.1}{\376\377\255\154\326\004\000\040\274\224\307\004}{section.4.3}% 25
\BOOKMARK [0][-]{chapter.5}{\376\377\321\265\325\151\000\040\326\004\326\151\254\374\000\040\311\021\254\004\000\040\323\311\254\000}{}% 26
\BOOKMARK [1][-]{section.5.1}{\376\377\314\051\302\030\000\040\272\251\324\134\000\040\263\000\276\104\000\040\321\265\325\151\000\040\300\301\320\334}{chapter.5}% 27
\BOOKMARK [1][-]{section.5.2}{\376\377\254\200\311\235\000\040\254\260\254\374\000\040\306\224\305\175}{chapter.5}% 28
\BOOKMARK [1][-]{section.5.3}{\376\377\326\004\307\254\000\040\307\004\325\330\000\040\306\224\301\214\306\100\000\040\310\160\316\130\000\040\274\051\325\245}{chapter.5}% 29
\BOOKMARK [0][-]{chapter.6}{\376\377\254\061\302\340\264\034\000\040\315\224\311\304\000\040\254\304\326\215\254\374\000\040\305\355\325\140\000\040\275\204\262\364}{}% 30
\BOOKMARK [1][-]{section.6.1}{\376\377\306\260\301\040\302\034\307\004\000\040\256\060\274\030\000\040\315\224\311\304\000\040\254\304\326\215}{chapter.6}% 31
\BOOKMARK [1][-]{section.6.2}{\376\377\255\154\301\061\306\320\274\304\000\040\305\355\325\140\254\374\000\040\262\344\307\114\000\040\326\021\305\305\000\040\325\155\272\251}{chapter.6}% 32
\BOOKMARK [1][-]{section.6.3}{\376\377\273\370\326\125\310\025\000\040\307\130\300\254\254\260\310\025}{chapter.6}% 33
\BOOKMARK [0][-]{chapter.7}{\376\377\254\260\270\140}{}% 34
